Release 14.7 - xst P.20131013 (nt64)
Copyright (c) 1995-2013 Xilinx, Inc.  All rights reserved.
--> Parameter TMPDIR set to xst/projnav.tmp


Total REAL time to Xst completion: 0.00 secs
Total CPU time to Xst completion: 0.38 secs
 
--> Parameter xsthdpdir set to xst


Total REAL time to Xst completion: 0.00 secs
Total CPU time to Xst completion: 0.38 secs
 
--> Reading design: ArchivoDeRegistros.prj

TABLE OF CONTENTS
  1) Synthesis Options Summary
  2) HDL Parsing
  3) HDL Elaboration
  4) HDL Synthesis
       4.1) HDL Synthesis Report
  5) Advanced HDL Synthesis
       5.1) Advanced HDL Synthesis Report
  6) Low Level Synthesis
  7) Partition Report
  8) Design Summary
       8.1) Primitive and Black Box Usage
       8.2) Device utilization summary
       8.3) Partition Resource Summary
       8.4) Timing Report
            8.4.1) Clock Information
            8.4.2) Asynchronous Control Signals Information
            8.4.3) Timing Summary
            8.4.4) Timing Details
            8.4.5) Cross Clock Domains Report


=========================================================================
*                      Synthesis Options Summary                        *
=========================================================================
---- Source Parameters
Input File Name                    : "ArchivoDeRegistros.prj"
Ignore Synthesis Constraint File   : NO

---- Target Parameters
Output File Name                   : "ArchivoDeRegistros"
Output Format                      : NGC
Target Device                      : xc7a100t-3-csg324

---- Source Options
Top Module Name                    : ArchivoDeRegistros
Automatic FSM Extraction           : YES
FSM Encoding Algorithm             : Auto
Safe Implementation                : No
FSM Style                          : LUT
RAM Extraction                     : Yes
RAM Style                          : Auto
ROM Extraction                     : Yes
Shift Register Extraction          : YES
ROM Style                          : Auto
Resource Sharing                   : YES
Asynchronous To Synchronous        : NO
Shift Register Minimum Size        : 2
Use DSP Block                      : Auto
Automatic Register Balancing       : No

---- Target Options
LUT Combining                      : Auto
Reduce Control Sets                : Auto
Add IO Buffers                     : YES
Global Maximum Fanout              : 100000
Add Generic Clock Buffer(BUFG)     : 32
Register Duplication               : YES
Optimize Instantiated Primitives   : NO
Use Clock Enable                   : Auto
Use Synchronous Set                : Auto
Use Synchronous Reset              : Auto
Pack IO Registers into IOBs        : Auto
Equivalent register Removal        : YES

---- General Options
Optimization Goal                  : Speed
Optimization Effort                : 1
Power Reduction                    : NO
Keep Hierarchy                     : No
Netlist Hierarchy                  : As_Optimized
RTL Output                         : Yes
Global Optimization                : AllClockNets
Read Cores                         : YES
Write Timing Constraints           : NO
Cross Clock Analysis               : NO
Hierarchy Separator                : /
Bus Delimiter                      : <>
Case Specifier                     : Maintain
Slice Utilization Ratio            : 100
BRAM Utilization Ratio             : 100
DSP48 Utilization Ratio            : 100
Auto BRAM Packing                  : NO
Slice Utilization Ratio Delta      : 5

=========================================================================


=========================================================================
*                          HDL Parsing                                  *
=========================================================================
Parsing VHDL file "E:\Conejito\Windows\Escuela\ArquitecturaDeComputadoras\Practicas\Practica4ArchivoDeRegistros\Registro.vhd" into library work
Parsing entity <Registro>.
Parsing architecture <Practica4> of entity <registro>.
Parsing VHDL file "E:\Conejito\Windows\Escuela\ArquitecturaDeComputadoras\Practicas\Practica4ArchivoDeRegistros\Multiplexor2a1.vhd" into library work
Parsing entity <Multiplexor2a1>.
Parsing architecture <Practica4> of entity <multiplexor2a1>.
Parsing VHDL file "E:\Conejito\Windows\Escuela\ArquitecturaDeComputadoras\Practicas\Practica4ArchivoDeRegistros\Multiplexor.vhd" into library work
Parsing entity <Multiplexor>.
Parsing architecture <Practica4> of entity <multiplexor>.
Parsing VHDL file "E:\Conejito\Windows\Escuela\ArquitecturaDeComputadoras\Practicas\Practica4ArchivoDeRegistros\Demultiplexor.vhd" into library work
Parsing entity <Demultiplexor>.
Parsing architecture <Practica4> of entity <demultiplexor>.
Parsing VHDL file "E:\Conejito\Windows\Escuela\ArquitecturaDeComputadoras\Practicas\Practica4ArchivoDeRegistros\BarrelShifter.vhd" into library work
Parsing entity <BarrelShifter>.
Parsing architecture <Practica4> of entity <barrelshifter>.
Parsing VHDL file "E:\Conejito\Windows\Escuela\ArquitecturaDeComputadoras\Practicas\Practica4ArchivoDeRegistros\ArchivoDeRegistros.vhd" into library work
Parsing entity <ArchivoDeRegistros>.
Parsing architecture <Practica4> of entity <archivoderegistros>.

=========================================================================
*                            HDL Elaboration                            *
=========================================================================

Elaborating entity <ArchivoDeRegistros> (architecture <Practica4>) with generics from library <work>.

Elaborating entity <Registro> (architecture <Practica4>) with generics from library <work>.

Elaborating entity <Multiplexor> (architecture <Practica4>) with generics from library <work>.
INFO:HDLCompiler:679 - "E:\Conejito\Windows\Escuela\ArquitecturaDeComputadoras\Practicas\Practica4ArchivoDeRegistros\Multiplexor.vhd" Line 72. Case statement is complete. others clause is never selected

Elaborating entity <Demultiplexor> (architecture <Practica4>) with generics from library <work>.
INFO:HDLCompiler:679 - "E:\Conejito\Windows\Escuela\ArquitecturaDeComputadoras\Practicas\Practica4ArchivoDeRegistros\Demultiplexor.vhd" Line 55. Case statement is complete. others clause is never selected

Elaborating entity <Multiplexor2a1> (architecture <Practica4>) with generics from library <work>.

Elaborating entity <BarrelShifter> (architecture <Practica4>) with generics from library <work>.

=========================================================================
*                           HDL Synthesis                               *
=========================================================================

Synthesizing Unit <ArchivoDeRegistros>.
    Related source file is "E:\Conejito\Windows\Escuela\ArquitecturaDeComputadoras\Practicas\Practica4ArchivoDeRegistros\ArchivoDeRegistros.vhd".
        n = 16
    Summary:
	no macro.
Unit <ArchivoDeRegistros> synthesized.

Synthesizing Unit <Registro>.
    Related source file is "E:\Conejito\Windows\Escuela\ArquitecturaDeComputadoras\Practicas\Practica4ArchivoDeRegistros\Registro.vhd".
        n = 16
    Found 16-bit register for signal <Q>.
    Summary:
	inferred  16 D-type flip-flop(s).
Unit <Registro> synthesized.

Synthesizing Unit <Multiplexor>.
    Related source file is "E:\Conejito\Windows\Escuela\ArquitecturaDeComputadoras\Practicas\Practica4ArchivoDeRegistros\Multiplexor.vhd".
        n = 16
    Found 16-bit 16-to-1 multiplexer for signal <o_data> created at line 38.
    Summary:
	inferred   1 Multiplexer(s).
Unit <Multiplexor> synthesized.

Synthesizing Unit <Demultiplexor>.
    Related source file is "E:\Conejito\Windows\Escuela\ArquitecturaDeComputadoras\Practicas\Practica4ArchivoDeRegistros\Demultiplexor.vhd".
        n = 16
    Found 16-bit 16-to-1 multiplexer for signal <out_d> created at line 22.
    Summary:
	inferred   1 Multiplexer(s).
Unit <Demultiplexor> synthesized.

Synthesizing Unit <Multiplexor2a1>.
    Related source file is "E:\Conejito\Windows\Escuela\ArquitecturaDeComputadoras\Practicas\Practica4ArchivoDeRegistros\Multiplexor2a1.vhd".
        n = 16
    Summary:
	inferred   1 Multiplexer(s).
Unit <Multiplexor2a1> synthesized.

Synthesizing Unit <BarrelShifter>.
    Related source file is "E:\Conejito\Windows\Escuela\ArquitecturaDeComputadoras\Practicas\Practica4ArchivoDeRegistros\BarrelShifter.vhd".
        n = 16
    Summary:
	inferred  99 Multiplexer(s).
Unit <BarrelShifter> synthesized.

=========================================================================
HDL Synthesis Report

Macro Statistics
# Registers                                            : 16
 16-bit register                                       : 16
# Multiplexers                                         : 103
 1-bit 2-to-1 multiplexer                              : 96
 16-bit 16-to-1 multiplexer                            : 3
 16-bit 2-to-1 multiplexer                             : 4

=========================================================================

=========================================================================
*                       Advanced HDL Synthesis                          *
=========================================================================


=========================================================================
Advanced HDL Synthesis Report

Macro Statistics
# Registers                                            : 256
 Flip-Flops                                            : 256
# Multiplexers                                         : 102
 1-bit 2-to-1 multiplexer                              : 96
 16-bit 16-to-1 multiplexer                            : 2
 16-bit 2-to-1 multiplexer                             : 4

=========================================================================

=========================================================================
*                         Low Level Synthesis                           *
=========================================================================

Optimizing unit <ArchivoDeRegistros> ...

Optimizing unit <BarrelShifter> ...

Mapping all equations...
Building and optimizing final netlist ...
Found area constraint ratio of 100 (+ 5) on block ArchivoDeRegistros, actual ratio is 0.

Final Macro Processing ...

=========================================================================
Final Register Report

Macro Statistics
# Registers                                            : 256
 Flip-Flops                                            : 256

=========================================================================

=========================================================================
*                           Partition Report                            *
=========================================================================

Partition Implementation Status
-------------------------------

  No Partitions were found in this design.

-------------------------------

=========================================================================
*                            Design Summary                             *
=========================================================================

Top Level Output File Name         : ArchivoDeRegistros.ngc

Primitive and Black Box Usage:
------------------------------
# BELS                             : 347
#      LUT2                        : 3
#      LUT3                        : 14
#      LUT4                        : 10
#      LUT5                        : 24
#      LUT6                        : 196
#      MUXF7                       : 68
#      MUXF8                       : 32
# FlipFlops/Latches                : 256
#      FDCE                        : 256
# Clock Buffers                    : 1
#      BUFGP                       : 1
# IO Buffers                       : 68
#      IBUF                        : 36
#      OBUF                        : 32

Device utilization summary:
---------------------------

Selected Device : 7a100tcsg324-3 


Slice Logic Utilization: 
 Number of Slice Registers:             256  out of  126800     0%  
 Number of Slice LUTs:                  247  out of  63400     0%  
    Number used as Logic:               247  out of  63400     0%  

Slice Logic Distribution: 
 Number of LUT Flip Flop pairs used:    346
   Number with an unused Flip Flop:      90  out of    346    26%  
   Number with an unused LUT:            99  out of    346    28%  
   Number of fully used LUT-FF pairs:   157  out of    346    45%  
   Number of unique control sets:        16

IO Utilization: 
 Number of IOs:                          69
 Number of bonded IOBs:                  69  out of    210    32%  

Specific Feature Utilization:
 Number of BUFG/BUFGCTRLs:                1  out of     32     3%  

---------------------------
Partition Resource Summary:
---------------------------

  No Partitions were found in this design.

---------------------------


=========================================================================
Timing Report

NOTE: THESE TIMING NUMBERS ARE ONLY A SYNTHESIS ESTIMATE.
      FOR ACCURATE TIMING INFORMATION PLEASE REFER TO THE TRACE REPORT
      GENERATED AFTER PLACE-and-ROUTE.

Clock Information:
------------------
-----------------------------------+------------------------+-------+
Clock Signal                       | Clock buffer(FF name)  | Load  |
-----------------------------------+------------------------+-------+
clk                                | BUFGP                  | 256   |
-----------------------------------+------------------------+-------+

Asynchronous Control Signals Information:
----------------------------------------
No asynchronous control signals found in this design

Timing Summary:
---------------
Speed Grade: -3

   Minimum period: 3.313ns (Maximum Frequency: 301.887MHz)
   Minimum input arrival time before clock: 3.197ns
   Maximum output required time after clock: 1.851ns
   Maximum combinational path delay: 1.735ns

Timing Details:
---------------
All values displayed in nanoseconds (ns)

=========================================================================
Timing constraint: Default period analysis for Clock 'clk'
  Clock period: 3.313ns (frequency: 301.887MHz)
  Total number of paths / destination ports: 74752 / 256
-------------------------------------------------------------------------
Delay:               3.313ns (Levels of Logic = 6)
  Source:            Ciclo[6].reg/Q_3 (FF)
  Destination:       Ciclo[15].reg/Q_8 (FF)
  Source Clock:      clk rising
  Destination Clock: clk rising

  Data Path: Ciclo[6].reg/Q_3 to Ciclo[15].reg/Q_8
                                Gate     Net
    Cell:in->out      fanout   Delay   Delay  Logical Name (Net Name)
    ----------------------------------------  ------------
     FDCE:C->Q             2   0.361   0.561  Ciclo[6].reg/Q_3 (Ciclo[6].reg/Q_3)
     LUT6:I2->O            1   0.097   0.000  mux2/Mmux_o_data_519 (mux2/Mmux_o_data_519)
     MUXF7:I1->O           1   0.279   0.000  mux2/Mmux_o_data_4_f7_8 (mux2/Mmux_o_data_4_f79)
     MUXF8:I0->O           9   0.218   0.593  mux2/Mmux_o_data_2_f8_8 (readData_2_3_OBUF)
     LUT6:I2->O            4   0.097   0.525  barrelS/shamt<1>151 (barrelS/shamt<1>_mmx_out22)
     LUT6:I3->O            1   0.097   0.379  mux2a1/Mmux_outm152_SW0 (N34)
     LUT6:I4->O           16   0.097   0.000  mux2a1/Mmux_outm153 (newWriteData<8>)
     FDCE:D                    0.008          Ciclo[15].reg/Q_8
    ----------------------------------------
    Total                      3.313ns (1.254ns logic, 2.059ns route)
                                       (37.9% logic, 62.1% route)

=========================================================================
Timing constraint: Default OFFSET IN BEFORE for Clock 'clk'
  Total number of paths / destination ports: 58336 / 768
-------------------------------------------------------------------------
Offset:              3.197ns (Levels of Logic = 7)
  Source:            readRegister_2<1> (PAD)
  Destination:       Ciclo[15].reg/Q_8 (FF)
  Destination Clock: clk rising

  Data Path: readRegister_2<1> to Ciclo[15].reg/Q_8
                                Gate     Net
    Cell:in->out      fanout   Delay   Delay  Logical Name (Net Name)
    ----------------------------------------  ------------
     IBUF:I->O            64   0.001   0.805  readRegister_2_1_IBUF (readRegister_2_1_IBUF)
     LUT6:I0->O            1   0.097   0.000  mux2/Mmux_o_data_57 (mux2/Mmux_o_data_57)
     MUXF7:I1->O           1   0.279   0.000  mux2/Mmux_o_data_4_f7_2 (mux2/Mmux_o_data_4_f73)
     MUXF8:I0->O           9   0.218   0.593  mux2/Mmux_o_data_2_f8_2 (readData_2_12_OBUF)
     LUT6:I2->O            4   0.097   0.525  barrelS/shamt<1>111 (barrelS/shamt<1>_mmx_out19)
     LUT6:I3->O            1   0.097   0.379  mux2a1/Mmux_outm142_SW0 (N37)
     LUT6:I4->O           16   0.097   0.000  mux2a1/Mmux_outm143 (newWriteData<7>)
     FDCE:D                    0.008          Ciclo[15].reg/Q_7
    ----------------------------------------
    Total                      3.197ns (0.894ns logic, 2.303ns route)
                                       (28.0% logic, 72.0% route)

=========================================================================
Timing constraint: Default OFFSET OUT AFTER for Clock 'clk'
  Total number of paths / destination ports: 512 / 32
-------------------------------------------------------------------------
Offset:              1.851ns (Levels of Logic = 4)
  Source:            Ciclo[6].reg/Q_15 (FF)
  Destination:       readData_2<15> (PAD)
  Source Clock:      clk rising

  Data Path: Ciclo[6].reg/Q_15 to readData_2<15>
                                Gate     Net
    Cell:in->out      fanout   Delay   Delay  Logical Name (Net Name)
    ----------------------------------------  ------------
     FDCE:C->Q             2   0.361   0.561  Ciclo[6].reg/Q_15 (Ciclo[6].reg/Q_15)
     LUT6:I2->O            1   0.097   0.000  mux2/Mmux_o_data_513 (mux2/Mmux_o_data_513)
     MUXF7:I1->O           1   0.279   0.000  mux2/Mmux_o_data_4_f7_5 (mux2/Mmux_o_data_4_f76)
     MUXF8:I0->O          13   0.218   0.335  mux2/Mmux_o_data_2_f8_5 (readData_2_15_OBUF)
     OBUF:I->O                 0.000          readData_2_15_OBUF (readData_2<15>)
    ----------------------------------------
    Total                      1.851ns (0.955ns logic, 0.896ns route)
                                       (51.6% logic, 48.4% route)

=========================================================================
Timing constraint: Default path analysis
  Total number of paths / destination ports: 352 / 32
-------------------------------------------------------------------------
Delay:               1.735ns (Levels of Logic = 5)
  Source:            readRegister_2<1> (PAD)
  Destination:       readData_2<15> (PAD)

  Data Path: readRegister_2<1> to readData_2<15>
                                Gate     Net
    Cell:in->out      fanout   Delay   Delay  Logical Name (Net Name)
    ----------------------------------------  ------------
     IBUF:I->O            64   0.001   0.805  readRegister_2_1_IBUF (readRegister_2_1_IBUF)
     LUT6:I0->O            1   0.097   0.000  mux2/Mmux_o_data_51 (mux2/Mmux_o_data_51)
     MUXF7:I1->O           1   0.279   0.000  mux2/Mmux_o_data_4_f7 (mux2/Mmux_o_data_4_f7)
     MUXF8:I0->O          13   0.218   0.335  mux2/Mmux_o_data_2_f8 (readData_2_0_OBUF)
     OBUF:I->O                 0.000          readData_2_0_OBUF (readData_2<0>)
    ----------------------------------------
    Total                      1.735ns (0.595ns logic, 1.140ns route)
                                       (34.3% logic, 65.7% route)

=========================================================================

Cross Clock Domains Report:
--------------------------

Clock to Setup on destination clock clk
---------------+---------+---------+---------+---------+
               | Src:Rise| Src:Fall| Src:Rise| Src:Fall|
Source Clock   |Dest:Rise|Dest:Rise|Dest:Fall|Dest:Fall|
---------------+---------+---------+---------+---------+
clk            |    3.313|         |         |         |
---------------+---------+---------+---------+---------+

=========================================================================


Total REAL time to Xst completion: 27.00 secs
Total CPU time to Xst completion: 26.75 secs
 
--> 

Total memory usage is 4608564 kilobytes

Number of errors   :    0 (   0 filtered)
Number of warnings :    0 (   0 filtered)
Number of infos    :    0 (   0 filtered)

